// Jest Snapshot v1, https://goo.gl/fbAQLP

exports[`ContactForm should match the snapshot 1`] = `
ShallowWrapper {
  Symbol(enzyme.__root__): [Circular],
  Symbol(enzyme.__unrendered__): <ContactForm
    history={
        Object {
            "push": [Function],
          }
    }
    setMessage={[Function]}
/>,
  Symbol(enzyme.__renderer__): Object {
    "batchedUpdates": [Function],
    "getNode": [Function],
    "render": [Function],
    "simulateError": [Function],
    "simulateEvent": [Function],
    "unmount": [Function],
  },
  Symbol(enzyme.__node__): Object {
    "instance": null,
    "key": undefined,
    "nodeType": "host",
    "props": Object {
      "children": Array [
        <input
          name="name"
          onChange={[Function]}
          placeholder="Enter your Name"
          type="text"
          value=""
/>,
        <textarea
          className="inputBody"
          cols="50"
          name="body"
          onChange={[Function]}
          placeholder="Enter your Message"
          rows="4"
          value=""
/>,
        <input
          name="signature"
          onChange={[Function]}
          placeholder="Enter your Signature"
          type="text"
          value=""
/>,
        <button>
          Submit your Message
</button>,
      ],
      "className": "ContactForm",
      "onSubmit": [Function],
    },
    "ref": null,
    "rendered": Array [
      Object {
        "instance": null,
        "key": undefined,
        "nodeType": "host",
        "props": Object {
          "name": "name",
          "onChange": [Function],
          "placeholder": "Enter your Name",
          "type": "text",
          "value": "",
        },
        "ref": null,
        "rendered": null,
        "type": "input",
      },
      Object {
        "instance": null,
        "key": undefined,
        "nodeType": "host",
        "props": Object {
          "className": "inputBody",
          "cols": "50",
          "name": "body",
          "onChange": [Function],
          "placeholder": "Enter your Message",
          "rows": "4",
          "value": "",
        },
        "ref": null,
        "rendered": null,
        "type": "textarea",
      },
      Object {
        "instance": null,
        "key": undefined,
        "nodeType": "host",
        "props": Object {
          "name": "signature",
          "onChange": [Function],
          "placeholder": "Enter your Signature",
          "type": "text",
          "value": "",
        },
        "ref": null,
        "rendered": null,
        "type": "input",
      },
      Object {
        "instance": null,
        "key": undefined,
        "nodeType": "host",
        "props": Object {
          "children": "Submit your Message",
        },
        "ref": null,
        "rendered": "Submit your Message",
        "type": "button",
      },
    ],
    "type": "form",
  },
  Symbol(enzyme.__nodes__): Array [
    Object {
      "instance": null,
      "key": undefined,
      "nodeType": "host",
      "props": Object {
        "children": Array [
          <input
            name="name"
            onChange={[Function]}
            placeholder="Enter your Name"
            type="text"
            value=""
/>,
          <textarea
            className="inputBody"
            cols="50"
            name="body"
            onChange={[Function]}
            placeholder="Enter your Message"
            rows="4"
            value=""
/>,
          <input
            name="signature"
            onChange={[Function]}
            placeholder="Enter your Signature"
            type="text"
            value=""
/>,
          <button>
            Submit your Message
</button>,
        ],
        "className": "ContactForm",
        "onSubmit": [Function],
      },
      "ref": null,
      "rendered": Array [
        Object {
          "instance": null,
          "key": undefined,
          "nodeType": "host",
          "props": Object {
            "name": "name",
            "onChange": [Function],
            "placeholder": "Enter your Name",
            "type": "text",
            "value": "",
          },
          "ref": null,
          "rendered": null,
          "type": "input",
        },
        Object {
          "instance": null,
          "key": undefined,
          "nodeType": "host",
          "props": Object {
            "className": "inputBody",
            "cols": "50",
            "name": "body",
            "onChange": [Function],
            "placeholder": "Enter your Message",
            "rows": "4",
            "value": "",
          },
          "ref": null,
          "rendered": null,
          "type": "textarea",
        },
        Object {
          "instance": null,
          "key": undefined,
          "nodeType": "host",
          "props": Object {
            "name": "signature",
            "onChange": [Function],
            "placeholder": "Enter your Signature",
            "type": "text",
            "value": "",
          },
          "ref": null,
          "rendered": null,
          "type": "input",
        },
        Object {
          "instance": null,
          "key": undefined,
          "nodeType": "host",
          "props": Object {
            "children": "Submit your Message",
          },
          "ref": null,
          "rendered": "Submit your Message",
          "type": "button",
        },
      ],
      "type": "form",
    },
  ],
  Symbol(enzyme.__options__): Object {
    "adapter": ReactSixteenAdapter {
      "options": Object {
        "enableComponentDidUpdateOnSetState": true,
        "lifecycles": Object {
          "componentDidUpdate": Object {
            "onSetState": true,
          },
          "getDerivedStateFromProps": true,
          "getSnapshotBeforeUpdate": true,
          "setState": Object {
            "skipsComponentDidUpdateOnNullish": true,
          },
        },
      },
    },
    "attachTo": undefined,
    "hydrateIn": undefined,
  },
}
`;
