// Jest Snapshot v1, https://goo.gl/fbAQLP

exports[`MemberContainer container should match the snapshot 1`] = `
ShallowWrapper {
  Symbol(enzyme.__root__): [Circular],
  Symbol(enzyme.__unrendered__): <Unknown
    members={
        Array [
            Object {
              "firstName": "Jeff",
              "lastName": "Merkley",
              "memberUrl": "https://www.merkley.senate.gov",
              "nyt": "http://topics.nytimes.com/top/reference/timestopics/people/m/jeff_merkley/index.html",
              "office": "313 Hart Senate Office Building",
              "party": "D",
              "phone": "202-224-3753",
              "title": "Senator, 2nd Class",
              "voting_percentage": 82.92,
            },
          ]
    }
/>,
  Symbol(enzyme.__renderer__): Object {
    "batchedUpdates": [Function],
    "getNode": [Function],
    "render": [Function],
    "simulateError": [Function],
    "simulateEvent": [Function],
    "unmount": [Function],
  },
  Symbol(enzyme.__node__): Object {
    "instance": null,
    "key": undefined,
    "nodeType": "host",
    "props": Object {
      "children": <h1>
        <Card
                history={undefined}
                member={
                        Object {
                                "firstName": "Jeff",
                                "lastName": "Merkley",
                                "memberUrl": "https://www.merkley.senate.gov",
                                "nyt": "http://topics.nytimes.com/top/reference/timestopics/people/m/jeff_merkley/index.html",
                                "office": "313 Hart Senate Office Building",
                                "party": "D",
                                "phone": "202-224-3753",
                                "title": "Senator, 2nd Class",
                                "voting_percentage": 82.92,
                              }
                }
        />
</h1>,
      "className": "memberContainer",
    },
    "ref": null,
    "rendered": Object {
      "instance": null,
      "key": undefined,
      "nodeType": "host",
      "props": Object {
        "children": Array [
          <Card
            history={undefined}
            member={
                        Object {
                                    "firstName": "Jeff",
                                    "lastName": "Merkley",
                                    "memberUrl": "https://www.merkley.senate.gov",
                                    "nyt": "http://topics.nytimes.com/top/reference/timestopics/people/m/jeff_merkley/index.html",
                                    "office": "313 Hart Senate Office Building",
                                    "party": "D",
                                    "phone": "202-224-3753",
                                    "title": "Senator, 2nd Class",
                                    "voting_percentage": 82.92,
                                  }
            }
/>,
        ],
      },
      "ref": null,
      "rendered": Array [
        Object {
          "instance": null,
          "key": "0",
          "nodeType": "class",
          "props": Object {
            "history": undefined,
            "member": Object {
              "firstName": "Jeff",
              "lastName": "Merkley",
              "memberUrl": "https://www.merkley.senate.gov",
              "nyt": "http://topics.nytimes.com/top/reference/timestopics/people/m/jeff_merkley/index.html",
              "office": "313 Hart Senate Office Building",
              "party": "D",
              "phone": "202-224-3753",
              "title": "Senator, 2nd Class",
              "voting_percentage": 82.92,
            },
          },
          "ref": null,
          "rendered": null,
          "type": [Function],
        },
      ],
      "type": "h1",
    },
    "type": "div",
  },
  Symbol(enzyme.__nodes__): Array [
    Object {
      "instance": null,
      "key": undefined,
      "nodeType": "host",
      "props": Object {
        "children": <h1>
          <Card
                    history={undefined}
                    member={
                              Object {
                                        "firstName": "Jeff",
                                        "lastName": "Merkley",
                                        "memberUrl": "https://www.merkley.senate.gov",
                                        "nyt": "http://topics.nytimes.com/top/reference/timestopics/people/m/jeff_merkley/index.html",
                                        "office": "313 Hart Senate Office Building",
                                        "party": "D",
                                        "phone": "202-224-3753",
                                        "title": "Senator, 2nd Class",
                                        "voting_percentage": 82.92,
                                      }
                    }
          />
</h1>,
        "className": "memberContainer",
      },
      "ref": null,
      "rendered": Object {
        "instance": null,
        "key": undefined,
        "nodeType": "host",
        "props": Object {
          "children": Array [
            <Card
              history={undefined}
              member={
                            Object {
                                          "firstName": "Jeff",
                                          "lastName": "Merkley",
                                          "memberUrl": "https://www.merkley.senate.gov",
                                          "nyt": "http://topics.nytimes.com/top/reference/timestopics/people/m/jeff_merkley/index.html",
                                          "office": "313 Hart Senate Office Building",
                                          "party": "D",
                                          "phone": "202-224-3753",
                                          "title": "Senator, 2nd Class",
                                          "voting_percentage": 82.92,
                                        }
              }
/>,
          ],
        },
        "ref": null,
        "rendered": Array [
          Object {
            "instance": null,
            "key": "0",
            "nodeType": "class",
            "props": Object {
              "history": undefined,
              "member": Object {
                "firstName": "Jeff",
                "lastName": "Merkley",
                "memberUrl": "https://www.merkley.senate.gov",
                "nyt": "http://topics.nytimes.com/top/reference/timestopics/people/m/jeff_merkley/index.html",
                "office": "313 Hart Senate Office Building",
                "party": "D",
                "phone": "202-224-3753",
                "title": "Senator, 2nd Class",
                "voting_percentage": 82.92,
              },
            },
            "ref": null,
            "rendered": null,
            "type": [Function],
          },
        ],
        "type": "h1",
      },
      "type": "div",
    },
  ],
  Symbol(enzyme.__options__): Object {
    "adapter": ReactSixteenAdapter {
      "options": Object {
        "enableComponentDidUpdateOnSetState": true,
        "lifecycles": Object {
          "componentDidUpdate": Object {
            "onSetState": true,
          },
          "getDerivedStateFromProps": true,
          "getSnapshotBeforeUpdate": true,
          "setState": Object {
            "skipsComponentDidUpdateOnNullish": true,
          },
        },
      },
    },
    "attachTo": undefined,
    "hydrateIn": undefined,
  },
}
`;
