// Jest Snapshot v1, https://goo.gl/fbAQLP

exports[`Card should match the snapshot 1`] = `
ShallowWrapper {
  Symbol(enzyme.__root__): [Circular],
  Symbol(enzyme.__unrendered__): <Card
    member={
        Object {
            "member": "steve",
          }
    }
/>,
  Symbol(enzyme.__renderer__): Object {
    "batchedUpdates": [Function],
    "getNode": [Function],
    "render": [Function],
    "simulateError": [Function],
    "simulateEvent": [Function],
    "unmount": [Function],
  },
  Symbol(enzyme.__node__): Object {
    "instance": null,
    "key": undefined,
    "nodeType": "host",
    "props": Object {
      "children": Array [
        <div
          className="text-container"
>
          <h2>
                     
                     
          </h2>
          <h2>
                    Party: 
          </h2>
          <h2>
                    Voting Percentage: 
                    %
          </h2>
          <h2>
                    Office: 
                     
          </h2>
          <h2>
                    Phone Number: 
                     
          </h2>
          <a
                    href={undefined}
          />
</div>,
        <div
          className="iframe-section"
>
          <iframe
                    id="card-iframe"
                    src={undefined}
                    title="Inline Frame Example"
          />
          <button
                    className="submit-message"
                    onClick={[Function]}
          >
                    Write your Representative
          </button>
</div>,
      ],
      "className": "Card",
    },
    "ref": null,
    "rendered": Array [
      Object {
        "instance": null,
        "key": undefined,
        "nodeType": "host",
        "props": Object {
          "children": Array [
            <h2>
               
               
</h2>,
            <h2>
              Party: 
</h2>,
            <h2>
              Voting Percentage: 
              %
</h2>,
            <h2>
              Office: 
               
</h2>,
            <h2>
              Phone Number: 
               
</h2>,
            <a
              href={undefined}
/>,
          ],
          "className": "text-container",
        },
        "ref": null,
        "rendered": Array [
          Object {
            "instance": null,
            "key": undefined,
            "nodeType": "host",
            "props": Object {
              "children": Array [
                undefined,
                " ",
                undefined,
                " ",
                undefined,
              ],
            },
            "ref": null,
            "rendered": Array [
              undefined,
              " ",
              undefined,
              " ",
              undefined,
            ],
            "type": "h2",
          },
          Object {
            "instance": null,
            "key": undefined,
            "nodeType": "host",
            "props": Object {
              "children": Array [
                "Party: ",
                undefined,
              ],
            },
            "ref": null,
            "rendered": Array [
              "Party: ",
              undefined,
            ],
            "type": "h2",
          },
          Object {
            "instance": null,
            "key": undefined,
            "nodeType": "host",
            "props": Object {
              "children": Array [
                "Voting Percentage: ",
                undefined,
                "%",
              ],
            },
            "ref": null,
            "rendered": Array [
              "Voting Percentage: ",
              undefined,
              "%",
            ],
            "type": "h2",
          },
          Object {
            "instance": null,
            "key": undefined,
            "nodeType": "host",
            "props": Object {
              "children": Array [
                "Office: ",
                undefined,
                " ",
              ],
            },
            "ref": null,
            "rendered": Array [
              "Office: ",
              undefined,
              " ",
            ],
            "type": "h2",
          },
          Object {
            "instance": null,
            "key": undefined,
            "nodeType": "host",
            "props": Object {
              "children": Array [
                "Phone Number: ",
                undefined,
                " ",
              ],
            },
            "ref": null,
            "rendered": Array [
              "Phone Number: ",
              undefined,
              " ",
            ],
            "type": "h2",
          },
          Object {
            "instance": null,
            "key": undefined,
            "nodeType": "host",
            "props": Object {
              "children": undefined,
              "href": undefined,
            },
            "ref": null,
            "rendered": null,
            "type": "a",
          },
        ],
        "type": "div",
      },
      Object {
        "instance": null,
        "key": undefined,
        "nodeType": "host",
        "props": Object {
          "children": Array [
            <iframe
              id="card-iframe"
              src={undefined}
              title="Inline Frame Example"
/>,
            <button
              className="submit-message"
              onClick={[Function]}
>
              Write your Representative
</button>,
          ],
          "className": "iframe-section",
        },
        "ref": null,
        "rendered": Array [
          Object {
            "instance": null,
            "key": undefined,
            "nodeType": "host",
            "props": Object {
              "id": "card-iframe",
              "src": undefined,
              "title": "Inline Frame Example",
            },
            "ref": null,
            "rendered": null,
            "type": "iframe",
          },
          Object {
            "instance": null,
            "key": undefined,
            "nodeType": "host",
            "props": Object {
              "children": "Write your Representative",
              "className": "submit-message",
              "onClick": [Function],
            },
            "ref": null,
            "rendered": "Write your Representative",
            "type": "button",
          },
        ],
        "type": "div",
      },
    ],
    "type": "div",
  },
  Symbol(enzyme.__nodes__): Array [
    Object {
      "instance": null,
      "key": undefined,
      "nodeType": "host",
      "props": Object {
        "children": Array [
          <div
            className="text-container"
>
            <h2>
                         
                         
            </h2>
            <h2>
                        Party: 
            </h2>
            <h2>
                        Voting Percentage: 
                        %
            </h2>
            <h2>
                        Office: 
                         
            </h2>
            <h2>
                        Phone Number: 
                         
            </h2>
            <a
                        href={undefined}
            />
</div>,
          <div
            className="iframe-section"
>
            <iframe
                        id="card-iframe"
                        src={undefined}
                        title="Inline Frame Example"
            />
            <button
                        className="submit-message"
                        onClick={[Function]}
            >
                        Write your Representative
            </button>
</div>,
        ],
        "className": "Card",
      },
      "ref": null,
      "rendered": Array [
        Object {
          "instance": null,
          "key": undefined,
          "nodeType": "host",
          "props": Object {
            "children": Array [
              <h2>
                 
                 
</h2>,
              <h2>
                Party: 
</h2>,
              <h2>
                Voting Percentage: 
                %
</h2>,
              <h2>
                Office: 
                 
</h2>,
              <h2>
                Phone Number: 
                 
</h2>,
              <a
                href={undefined}
/>,
            ],
            "className": "text-container",
          },
          "ref": null,
          "rendered": Array [
            Object {
              "instance": null,
              "key": undefined,
              "nodeType": "host",
              "props": Object {
                "children": Array [
                  undefined,
                  " ",
                  undefined,
                  " ",
                  undefined,
                ],
              },
              "ref": null,
              "rendered": Array [
                undefined,
                " ",
                undefined,
                " ",
                undefined,
              ],
              "type": "h2",
            },
            Object {
              "instance": null,
              "key": undefined,
              "nodeType": "host",
              "props": Object {
                "children": Array [
                  "Party: ",
                  undefined,
                ],
              },
              "ref": null,
              "rendered": Array [
                "Party: ",
                undefined,
              ],
              "type": "h2",
            },
            Object {
              "instance": null,
              "key": undefined,
              "nodeType": "host",
              "props": Object {
                "children": Array [
                  "Voting Percentage: ",
                  undefined,
                  "%",
                ],
              },
              "ref": null,
              "rendered": Array [
                "Voting Percentage: ",
                undefined,
                "%",
              ],
              "type": "h2",
            },
            Object {
              "instance": null,
              "key": undefined,
              "nodeType": "host",
              "props": Object {
                "children": Array [
                  "Office: ",
                  undefined,
                  " ",
                ],
              },
              "ref": null,
              "rendered": Array [
                "Office: ",
                undefined,
                " ",
              ],
              "type": "h2",
            },
            Object {
              "instance": null,
              "key": undefined,
              "nodeType": "host",
              "props": Object {
                "children": Array [
                  "Phone Number: ",
                  undefined,
                  " ",
                ],
              },
              "ref": null,
              "rendered": Array [
                "Phone Number: ",
                undefined,
                " ",
              ],
              "type": "h2",
            },
            Object {
              "instance": null,
              "key": undefined,
              "nodeType": "host",
              "props": Object {
                "children": undefined,
                "href": undefined,
              },
              "ref": null,
              "rendered": null,
              "type": "a",
            },
          ],
          "type": "div",
        },
        Object {
          "instance": null,
          "key": undefined,
          "nodeType": "host",
          "props": Object {
            "children": Array [
              <iframe
                id="card-iframe"
                src={undefined}
                title="Inline Frame Example"
/>,
              <button
                className="submit-message"
                onClick={[Function]}
>
                Write your Representative
</button>,
            ],
            "className": "iframe-section",
          },
          "ref": null,
          "rendered": Array [
            Object {
              "instance": null,
              "key": undefined,
              "nodeType": "host",
              "props": Object {
                "id": "card-iframe",
                "src": undefined,
                "title": "Inline Frame Example",
              },
              "ref": null,
              "rendered": null,
              "type": "iframe",
            },
            Object {
              "instance": null,
              "key": undefined,
              "nodeType": "host",
              "props": Object {
                "children": "Write your Representative",
                "className": "submit-message",
                "onClick": [Function],
              },
              "ref": null,
              "rendered": "Write your Representative",
              "type": "button",
            },
          ],
          "type": "div",
        },
      ],
      "type": "div",
    },
  ],
  Symbol(enzyme.__options__): Object {
    "adapter": ReactSixteenAdapter {
      "options": Object {
        "enableComponentDidUpdateOnSetState": true,
        "lifecycles": Object {
          "componentDidUpdate": Object {
            "onSetState": true,
          },
          "getDerivedStateFromProps": true,
          "getSnapshotBeforeUpdate": true,
          "setState": Object {
            "skipsComponentDidUpdateOnNullish": true,
          },
        },
      },
    },
    "attachTo": undefined,
    "hydrateIn": undefined,
  },
}
`;
